// Jest Snapshot v1, https://goo.gl/fbAQLP

exports[`<Accordion /> opens and closes the <Accordion /> component 1`] = `
<div
  class="accordion__Container-l3iym9-0 bAxAgi"
>
  <div
    class="accordion__Inner-l3iym9-1 kXGanl"
  >
    <h1
      class="accordion__Title-l3iym9-5 jFkLSD"
    >
      자주 묻는 질문
    </h1>
    <div
      class="accordion__Item-l3iym9-2 gwMLOH"
    >
      <div
        class="accordion__Header-l3iym9-3 gXvIet"
      >
        넷플릭스란 무엇인가요?
        <img
          alt="Open"
          src="/images/icons/add.png"
        />
      </div>
    </div>
    <div
      class="accordion__Item-l3iym9-2 gwMLOH"
    >
      <div
        class="accordion__Header-l3iym9-3 gXvIet"
      >
        넷플릭스 요금은 얼마인가요?
        <img
          alt="Open"
          src="/images/icons/add.png"
        />
      </div>
    </div>
    <div
      class="accordion__Item-l3iym9-2 gwMLOH"
    >
      <div
        class="accordion__Header-l3iym9-3 gXvIet"
      >
        어디에서 시청할 수 있나요?
        <img
          alt="Open"
          src="/images/icons/add.png"
        />
      </div>
    </div>
    <div
      class="accordion__Item-l3iym9-2 gwMLOH"
    >
      <div
        class="accordion__Header-l3iym9-3 gXvIet"
      >
        맴버십을 해지하려면 어떻게 하나요?
        <img
          alt="Open"
          src="/images/icons/add.png"
        />
      </div>
    </div>
    <div
      class="accordion__Item-l3iym9-2 gwMLOH"
    >
      <div
        class="accordion__Header-l3iym9-3 gXvIet"
      >
        넷플릭스에서 어떤 콘텐츠를 시청할 수 있나요?
        <img
          alt="Open"
          src="/images/icons/add.png"
        />
      </div>
    </div>
    <div
      class="accordion__Item-l3iym9-2 gwMLOH"
    >
      <div
        class="accordion__Header-l3iym9-3 gXvIet"
      >
        아이들이 Netflix를 봐도 좋을까요?
        <img
          alt="Open"
          src="/images/icons/add.png"
        />
      </div>
    </div>
  </div>
</div>
`;

exports[`<Accordion /> renders the <Accordion /> with populated data 1`] = `
<div
  class="accordion__Container-l3iym9-0 bAxAgi"
>
  <div
    class="accordion__Inner-l3iym9-1 kXGanl"
  >
    <h1
      class="accordion__Title-l3iym9-5 jFkLSD"
    >
      자주 묻는 질문
    </h1>
    <div
      class="accordion__Item-l3iym9-2 gwMLOH"
    >
      <div
        class="accordion__Header-l3iym9-3 gXvIet"
      >
        넷플릭스란 무엇인가요?
        <img
          alt="Open"
          src="/images/icons/add.png"
        />
      </div>
    </div>
    <div
      class="accordion__Item-l3iym9-2 gwMLOH"
    >
      <div
        class="accordion__Header-l3iym9-3 gXvIet"
      >
        넷플릭스 요금은 얼마인가요?
        <img
          alt="Open"
          src="/images/icons/add.png"
        />
      </div>
    </div>
    <div
      class="accordion__Item-l3iym9-2 gwMLOH"
    >
      <div
        class="accordion__Header-l3iym9-3 gXvIet"
      >
        어디에서 시청할 수 있나요?
        <img
          alt="Open"
          src="/images/icons/add.png"
        />
      </div>
    </div>
    <div
      class="accordion__Item-l3iym9-2 gwMLOH"
    >
      <div
        class="accordion__Header-l3iym9-3 gXvIet"
      >
        맴버십을 해지하려면 어떻게 하나요?
        <img
          alt="Open"
          src="/images/icons/add.png"
        />
      </div>
    </div>
    <div
      class="accordion__Item-l3iym9-2 gwMLOH"
    >
      <div
        class="accordion__Header-l3iym9-3 gXvIet"
      >
        넷플릭스에서 어떤 콘텐츠를 시청할 수 있나요?
        <img
          alt="Open"
          src="/images/icons/add.png"
        />
      </div>
    </div>
    <div
      class="accordion__Item-l3iym9-2 gwMLOH"
    >
      <div
        class="accordion__Header-l3iym9-3 gXvIet"
      >
        아이들이 Netflix를 봐도 좋을까요?
        <img
          alt="Open"
          src="/images/icons/add.png"
        />
      </div>
    </div>
  </div>
</div>
`;
